Le fichier de log n'existe pas. Merci de rentrer un fichier existant.
Usage : ../../bin/analog nomFichier.log
Fermeture de l'application.