
Dot-file shortTest.dot generated

Top 10 of most accessed targets:

/SiteWebIF/Intranet-etudiant.php (3 hits)
/temps/3IF38.html (2 hits)
/favicon.ico (1 hit)
/stages/Listestage.php (1 hit)
/temps/ (1 hit)
/temps/3IF1.ics (1 hit)
/temps/3IF37.html (1 hit)
/temps/3IF39.html (1 hit)
/temps/FondInsa.jpg (1 hit)
/temps/InsaIF.ico (1 hit)
