
Top 10 of most accessed targets:
/!\ Warning: no image, css or javascript targets have been taken into account /!\
/!\ Warning: no target has been found /!\
