
Le fichier de configuration URL n'existe pas.
Usage : -u nomFichier.txt
Fermeture de l'application.
