
The file shortTest.dot already exists and is not empty.
Do you wish to overwrite its contents? [y/n]

The contents of the file shortTest.dot will be overwritten.

Dot-file shortTest.dot generated

Top 10 of most accessed targets:
/!\ Warning: less than 10 targets have been found /!\

/temps/3IF38.html (1 hit)
