Il faut ins√©rer le fichier dot ainsi que son extension.
Usage : -g nomFichier.dot
Fermeture de l'application.