
Il faut ins√©rer le fichier log existant ainsi que son extension.
Usage : ../../bin/analog nomFichier.log
Fermeture de l'application.
