
Le fichier shortTest.dot existe déjà et n'est pas vide.
Souhaitez-vous écraser son contenu ? [y/n]

Merci de rentrer une option valide (y/n).

Merci de rentrer une option valide (y/n).

Le contenu du fichier shortTest.dot va être écrasé.

Dot-file shortTest.dot generated

Top 10 of most accessed targets:
/!\ Warning: less than 10 targets have been found /!\

/temps/3IF38.html (1 hit)
