
Il faut ins√©rer le fichier log ainsi que son extension.
Usage : ../../bin/analog [options] nomFichier.log
Fermeture de l'application.
