Le fichier de log est vide. Merci de rentrer un fichier non vide.
Usage : ../../bin/analog nomFichier.log
Fermeture de l'application.