
Il faut insérer une heure (entier en numérique, entre 0 et 23, inclus).
Usage : -t heure
Fermeture de l'application.
