
Il faut insÃ©rer une heure comprise entre 0 et 23.
Usage : -t heure
Fermeture de l'application.
