Top 10 of most accessed targets:
/!\ Warning: less than 10 targets have been found /!\

/temps/4IF15.html (2 hits)
/temps/4IF18.html (1 hit)
/temps/4IF19.html (1 hit)
/temps/4IF20.html (1 hit)