
A txt file and its extension must be entered.
Usage: -u fileName.txt
Stop.
