
Unknown or invalid option: z
Usage: ../../bin/analog [options] fileName.log
Options are: -g, -e, -t hour, -u configFile.txt
Stop.
