
Top 10 of most accessed targets:
/!\ Warning: only hits coming from referers with an URL-base "http://intranet-if.insa-lyon.fr" have been processed /!\

/temps/3IF38.html (2 hits)
/stages/Listestage.php (1 hit)
/temps/3IF37.html (1 hit)
/temps/3IF39.html (1 hit)
/temps/4IF16.html (1 hit)
/temps/4IF17.html (1 hit)
/temps/4IF18.html (1 hit)
/temps/4IF19.html (1 hit)
/temps/4IF20.html (1 hit)
/temps/FondInsa.jpg (1 hit)
