
An hour between 0 and 23 both included must be entered.
Usage: -t hour
Stop.
