
An hour must be entered (integer, between 0 and 23 both included).
Usage: -t hour
Stop.
