
Top 10 of most accessed targets:
/!\ Warning: no image, css or javascript targets have been taken into account /!\

/SiteWebIF/Intranet-etudiant.php (3 hits)
/temps/3IF38.html (2 hits)
/stages/Listestage.php (1 hit)
/temps/ (1 hit)
/temps/3IF1.ics (1 hit)
/temps/3IF37.html (1 hit)
/temps/3IF39.html (1 hit)
/temps/3IF40.html (1 hit)
/temps/3IF41.html (1 hit)
/temps/4IF1.html (1 hit)
