
Le fichier dontTouchTest.dot existe déjà et n'est pas vide.
Souhaitez-vous écraser son contenu ? [y/n]

Merci d'entrer un autre nom de fichier .dot.

Dot-file touchTest.dot generated

Top 10 of most accessed targets:
/!\ Warning: less than 10 targets have been found /!\

/temps/3IF38.html (1 hit)
