
Il faut ins√©rer le fichier txt ainsi que son extension.
Usage : -u nomFichier.txt
Fermeture de l'application.
