
Dot-file shortTest.dot generated

Top 10 of most accessed targets:
/!\ Warning: no image, css or javascript targets have been taken into account /!\

/SiteWebIF/Intranet-etudiant.php (2 hits)
/temps/3IF38.html (2 hits)
/SiteWebIF/Intranet-etudiant.php?ticket=ST-341667-KHlNEzic9e5btb4JQ1Nw-dsi-vm03 (1 hit)
/stages/Listestage.php (1 hit)
/temps/ (1 hit)
/temps/3IF1.ics (1 hit)
/temps/3IF37.html (1 hit)
/temps/3IF39.html (1 hit)
/temps/3IF40.html (1 hit)
/temps/3IF41.html (1 hit)
