
An existing log file and its extension must be entered.
Usage: ../../bin/analog [options] fileName.log
Stop.
