
The file shortTest.dot already exists and is not empty.
Do you wish to overwrite its contents? [y/n]

The contents of the file shortTest.dot will be overwritten.

The URL configuration file is empty.
Default URL-base will be used.

Dot-file shortTest.dot generated

Top 10 of most accessed targets:
/!\ Warning: no image, css or javascript targets have been taken into account /!\
/!\ Warning: only hits between 11h and 12h have been taken into account /!\
/!\ Warning: only hits coming from referers with an URL-base "intranet-if.insa-lyon.fr" have been processed /!\
/!\ Warning: less than 10 targets have been found /!\

/temps/3IF38.html (1 hit)

