Top 10 of most accessed targets:
/!\ Warning: no target has been found