
Top 10 of most accessed targets:
/!\ Warning: only hits between 11h and 12h have been taken into account /!\
/!\ Warning: less than 10 targets have been found /!\

/SiteWebIF/Intranet-etudiant.php (3 hits)
/temps/3IF38.html (2 hits)
/favicon.ico (1 hit)
/stages/Listestage.php (1 hit)
/temps/ (1 hit)
